tchin@HP-Mini-110-3000:~$ cd programming-novice/my-blog
tchin@HP-Mini-110-3000:~/programming-novice/my-blog$ ls
bower.json         content          Gemfile       index.js      package.json
config.example.js  CONTRIBUTING.md  Gemfile.lock  LICENSE       README.md
config.js          core             Gruntfile.js  node_modules  SECURITY.md
tchin@HP-Mini-110-3000:~/programming-novice/my-blog$ pico config.js
tchin@HP-Mini-110-3000:~/programming-novice/my-blog$ sudo pico config.js
[sudo] password for tchin: 
tchin@HP-Mini-110-3000:~/programming-novice/my-blog$ sudo git add-f "config.js"
git: 'add-f' is not a git command. See 'git --help'.
tchin@HP-Mini-110-3000:~/programming-novice/my-blog$ sudo git add -f "config.js"tchin@HP-Mini-110-3000:~/programming-novice/my-blog$ sudo git commit -m "Updatedconfig"
[master b5ea4d2] Updatedconfig
 Committer: root <root@HP-Mini-110-3000.(none)>
Your name and email address were configured automatically based
on your username and hostname. Please check that they are accurate.
You can suppress this message by setting them explicitly:

    git config --global user.name "Your Name"
    git config --global user.email you@example.com

After doing this, you may fix the identity used for this commit with:

    git commit --amend --reset-author

 1 file changed, 149 insertions(+)
 create mode 100644 config.js
tchin@HP-Mini-110-3000:~/programming-novice/my-blog$ sudo git config --global user.name "chintani"
tchin@HP-Mini-110-3000:~/programming-novice/my-blog$ sudo git config --global user.email cybercorpindustries@gmail.com
tchin@HP-Mini-110-3000:~/programming-novice/my-blog$ sudo git commit --amend --reset-author
[master cc89013] Updated config and user info
 1 file changed, 149 insertions(+)
 create mode 100644 config.js
tchin@HP-Mini-110-3000:~/programming-novice/my-blog$ sudo git remote rename origin upstream
tchin@HP-Mini-110-3000:~/programming-novice/my-blog$ sudo git remote add origin "{{https://github.com/chintani/programming-novice.github.io.git}}"
tchin@HP-Mini-110-3000:~/programming-novice/my-blog$ sudo git push origin master --set-upstream
fatal: I don't handle protocol '{{https'
tchin@HP-Mini-110-3000:~/programming-novice/my-blog$ sudo remote add origin "{{git@github.com:chintani/programming-novice.github.io.git}}"
sudo: remote: command not found
tchin@HP-Mini-110-3000:~/programming-novice/my-blog$ 
